2026-09-22 07:05:38,527 - __main__ - INFO - ✅ البوت يعمل عبر Webhook...
2026-09-22 07:05:41,034 - httpx - INFO - HTTP Request: POST https://api.telegram.org/bot8718113363:AAE68easY_SoLApNGXuj0-zgpphVryFl3rM/getMe "HTTP/1.1 200 OK"
2026-09-22 07:05:41,969 - __main__ - INFO - Database initialized.
2026-09-22 07:05:42,073 - httpx - INFO - HTTP Request: POST https://api.telegram.org/bot8718113363:AAE68easY_SoLApNGXuj0-zgpphVryFl3rM/deleteWebhook "HTTP/1.1 200 OK"
2026-09-22 07:05:42,150 - httpx - INFO - HTTP Request: POST https://api.telegram.org/bot8718113363:AAE68easY_SoLApNGXuj0-zgpphVryFl3rM/setWebhook "HTTP/1.1 400 Bad Request"
2026-09-22 07:05:42,152 - telegram.ext - ERROR - Network Retry Loop (Bootstrap Set Webhook): Failed run number 0 of 0. Aborting.
Traceback (most recent call last):
  File "C:\Users\عام\AppData\Local\Python\pythoncore-3.14-64\Lib\site-packages\telegram\ext\_utils\networkloop.py", line 161, in network_retry_loop
    await do_action()
  File "C:\Users\عام\AppData\Local\Python\pythoncore-3.14-64\Lib\site-packages\telegram\ext\_utils\networkloop.py", line 136, in do_action
    await action_cb()
  File "C:\Users\عام\AppData\Local\Python\pythoncore-3.14-64\Lib\site-packages\telegram\ext\_updater.py", line 692, in bootstrap_set_webhook
    await self.bot.set_webhook(
    ...<7 lines>...
    )
  File "C:\Users\عام\AppData\Local\Python\pythoncore-3.14-64\Lib\site-packages\telegram\ext\_extbot.py", line 3995, in set_webhook
    return await super().set_webhook(
           ^^^^^^^^^^^^^^^^^^^^^^^^^^
    ...<12 lines>...
    )
    ^
  File "C:\Users\عام\AppData\Local\Python\pythoncore-3.14-64\Lib\site-packages\telegram\_bot.py", line 4901, in set_webhook
    return await self._post(
           ^^^^^^^^^^^^^^^^^
    ...<7 lines>...
    )
    ^
  File "C:\Users\عام\AppData\Local\Python\pythoncore-3.14-64\Lib\site-packages\telegram\_bot.py", line 712, in _post
    return await self._do_post(
           ^^^^^^^^^^^^^^^^^^^^
    ...<6 lines>...
    )
    ^
  File "C:\Users\عام\AppData\Local\Python\pythoncore-3.14-64\Lib\site-packages\telegram\ext\_extbot.py", line 378, in _do_post
    return await super()._do_post(
           ^^^^^^^^^^^^^^^^^^^^^^^
    ...<6 lines>...
    )
    ^
  File "C:\Users\عام\AppData\Local\Python\pythoncore-3.14-64\Lib\site-packages\telegram\_bot.py", line 741, in _do_post
    result = await request.post(
             ^^^^^^^^^^^^^^^^^^^
    ...<6 lines>...
    )
    ^
  File "C:\Users\عام\AppData\Local\Python\pythoncore-3.14-64\Lib\site-packages\telegram\request\_baserequest.py", line 198, in post
    result = await self._request_wrapper(
             ^^^^^^^^^^^^^^^^^^^^^^^^^^^^
    ...<7 lines>...
    )
    ^
  File "C:\Users\عام\AppData\Local\Python\pythoncore-3.14-64\Lib\site-packages\telegram\request\_baserequest.py", line 375, in _request_wrapper
    raise exception
telegram.error.BadRequest: Secret token contains illegal characters
2026-09-22 07:22:11,675 - __main__ - INFO - ✅ البوت يعمل عبر Webhook...
2026-09-22 07:22:13,520 - httpx - INFO - HTTP Request: POST https://api.telegram.org/bot8718113363:AAE68easY_SoLApNGXuj0-zgpphVryFl3rM/getMe "HTTP/1.1 200 OK"
2026-09-22 07:22:13,590 - __main__ - INFO - Database initialized.
2026-09-22 07:22:13,697 - httpx - INFO - HTTP Request: POST https://api.telegram.org/bot8718113363:AAE68easY_SoLApNGXuj0-zgpphVryFl3rM/deleteWebhook "HTTP/1.1 200 OK"
2026-09-22 07:22:13,781 - httpx - INFO - HTTP Request: POST https://api.telegram.org/bot8718113363:AAE68easY_SoLApNGXuj0-zgpphVryFl3rM/setWebhook "HTTP/1.1 400 Bad Request"
2026-09-22 07:22:13,782 - telegram.ext - ERROR - Network Retry Loop (Bootstrap Set Webhook): Failed run number 0 of 0. Aborting.
Traceback (most recent call last):
  File "C:\Users\عام\AppData\Local\Python\pythoncore-3.14-64\Lib\site-packages\telegram\ext\_utils\networkloop.py", line 161, in network_retry_loop
    await do_action()
  File "C:\Users\عام\AppData\Local\Python\pythoncore-3.14-64\Lib\site-packages\telegram\ext\_utils\networkloop.py", line 136, in do_action
    await action_cb()
  File "C:\Users\عام\AppData\Local\Python\pythoncore-3.14-64\Lib\site-packages\telegram\ext\_updater.py", line 692, in bootstrap_set_webhook
    await self.bot.set_webhook(
    ...<7 lines>...
    )
  File "C:\Users\عام\AppData\Local\Python\pythoncore-3.14-64\Lib\site-packages\telegram\ext\_extbot.py", line 3995, in set_webhook
    return await super().set_webhook(
           ^^^^^^^^^^^^^^^^^^^^^^^^^^
    ...<12 lines>...
    )
    ^
  File "C:\Users\عام\AppData\Local\Python\pythoncore-3.14-64\Lib\site-packages\telegram\_bot.py", line 4901, in set_webhook
    return await self._post(
           ^^^^^^^^^^^^^^^^^
    ...<7 lines>...
    )
    ^
  File "C:\Users\عام\AppData\Local\Python\pythoncore-3.14-64\Lib\site-packages\telegram\_bot.py", line 712, in _post
    return await self._do_post(
           ^^^^^^^^^^^^^^^^^^^^
    ...<6 lines>...
    )
    ^
  File "C:\Users\عام\AppData\Local\Python\pythoncore-3.14-64\Lib\site-packages\telegram\ext\_extbot.py", line 378, in _do_post
    return await super()._do_post(
           ^^^^^^^^^^^^^^^^^^^^^^^
    ...<6 lines>...
    )
    ^
  File "C:\Users\عام\AppData\Local\Python\pythoncore-3.14-64\Lib\site-packages\telegram\_bot.py", line 741, in _do_post
    result = await request.post(
             ^^^^^^^^^^^^^^^^^^^
    ...<6 lines>...
    )
    ^
  File "C:\Users\عام\AppData\Local\Python\pythoncore-3.14-64\Lib\site-packages\telegram\request\_baserequest.py", line 198, in post
    result = await self._request_wrapper(
             ^^^^^^^^^^^^^^^^^^^^^^^^^^^^
    ...<7 lines>...
    )
    ^
  File "C:\Users\عام\AppData\Local\Python\pythoncore-3.14-64\Lib\site-packages\telegram\request\_baserequest.py", line 375, in _request_wrapper
    raise exception
telegram.error.BadRequest: Secret token contains illegal characters
2026-09-22 07:34:28,801 - __main__ - INFO - ✅ البوت يعمل عبر Webhook...
2026-09-22 07:34:31,894 - httpx - INFO - HTTP Request: POST https://api.telegram.org/bot8718113363:AAE68easY_SoLApNGXuj0-zgpphVryFl3rM/getMe "HTTP/1.1 200 OK"
2026-09-22 07:34:32,042 - __main__ - INFO - Database initialized.
2026-09-22 07:34:32,126 - httpx - INFO - HTTP Request: POST https://api.telegram.org/bot8718113363:AAE68easY_SoLApNGXuj0-zgpphVryFl3rM/deleteWebhook "HTTP/1.1 200 OK"
2026-09-22 07:34:32,204 - httpx - INFO - HTTP Request: POST https://api.telegram.org/bot8718113363:AAE68easY_SoLApNGXuj0-zgpphVryFl3rM/setWebhook "HTTP/1.1 200 OK"
2026-09-22 07:34:32,408 - telegram.ext.Application - INFO - Application started
